# Textures
tex assets:chars/drop_shadow.png 48 48
tex assets:chars/cream.png 48 48
tex assets:chars/gamma.png 48 48
tex assets:chars/knuckles.png 48 48
tex assets:battle_highway/bg3.png 512 512
tex assets:battle_highway/bg2.png 512 512
tex assets:battle_highway/walls/1.png 32 32
tex assets:battle_highway/walls/2.png 32 32
tex assets:battle_highway/walls/3.png 32 32
tex assets:battle_highway/walls/4.png 32 32
tex assets:battle_highway/walls/5.png 32 32
tex assets:battle_highway/walls/6.png 32 32
tex assets:battle_highway/walls/7.png 8 32
tex assets:battle_highway/walls/8.png 8 32


# Format: wall direction x y gfx
#
# Position is in tilemap's UV space
#
# Directions:
#   +Y
# -X   +X
#   -Y
# +Y = 0
# -X = 1
# -Y = 2
# +X = 3

# Format: sprite drop_shadow gfx x y z
# Position is in tilemap's UV space

# Format: tilemap gfx x y z width height
# Position is in world coordinates
# Dimensions are in the tilemap's UV space

# Format: box_collider x y width length
# Position is in tilemap's UV space

# Format: opt wall_gfx_height height
# Height is in pixels

# Format: opt floor_sort_offset offset
# Offset is in world coordinates

# Format: opt drop_shadow gfx

# Format: opt cam_offset y z
# Offsets are in world coordinates

# Format: opt bg_color r g b, colors are in (0-255) range


# Tilemap
tilemap 4 0 0 0
tilemap 5 0 0 46


# Opts
opt wall_gfx_height 32
opt floor_sort_offset 14
opt drop_shadow 0
opt cam_offset -724 400
opt bg_color 8 74 231


# Walls
wall 0 128 192 7
wall 0 192 352 7
wall 0 352 288 7
wall 0 288 128 7

wall 1 128 192 6
wall 1 192 352 6
wall 1 352 288 6
wall 1 288 128 6

wall 2 128 224 6
wall 2 192 384 6
wall 2 352 320 6
wall 2 288 160 6

wall 3 160 192 7
wall 3 224 352 7
wall 3 384 288 7
wall 3 320 128 7

# +5
wall 0 160 216 11
wall 0 192 216 9
wall 0 288 288 11
wall 0 320 288 9

wall 2 160 224 8
wall 2 192 224 10
wall 2 288 296 8
wall 2 320 296 10

wall 3 224 216 13
wall 1 288 288 12


wall 1 288 160 8
wall 1 288 192 10
wall 1 216 288 8
wall 1 216 320 10

wall 3 296 160 11
wall 3 296 192 9
wall 3 224 288 11
wall 3 224 320 9

wall 2 288 224 12
wall 0 216 288 13


# Sprites
sprite true 1 256 256 0
sprite true 2 256 232 0
sprite true 3 280 256 24

# Box colliders
box_collider 128 192 32 32
box_collider 192 352 32 32
box_collider 352 288 32 32
box_collider 288 128 32 32

box_collider 160 216 64 8
box_collider 288 288 64 8
box_collider 288 160 8 64
box_collider 216 288 8 64
