# Textures
tex assets:chars/drop_shadow.png 48 48
tex assets:chars/cream.png 48 48
tex assets:chars/gamma.png 48 48
tex assets:chars/knuckles.png 48 48
tex assets:emerald_beach/bg3.png 512 512
tex assets:emerald_beach/bg2.png 512 512
tex assets:emerald_beach/walls/1.png 32 32
tex assets:emerald_beach/walls/2.png 32 32
tex assets:emerald_beach/walls/3.png 32 32
tex assets:emerald_beach/walls/4.png 32 32
tex assets:emerald_beach/walls/5.png 32 32
tex assets:emerald_beach/walls/6.png 32 32


# Format: wall direction x y gfx
#
# Position is in tilemap's UV space
#
# Directions:
#   +Y
# -X   +X
#   -Y
# +Y = 0
# -X = 1
# -Y = 2
# +X = 3

# Format: sprite drop_shadow gfx x y z
# Position is in tilemap's UV space

# Format: tilemap gfx x y z width height
# Position is in world coordinates
# Dimensions are in the tilemap's UV space

# Format: box_collider x y width length
# Position is in tilemap's UV space

# Format: opt wall_gfx_height height
# Height is in pixels

# Format: opt floor_sort_offset offset
# Offset is in world coordinates

# Format: opt drop_shadow gfx

# Format: opt cam_offset y z
# Offsets are in world coordinates

# Format: opt bg_color r g b, colors are in (0-255) range


# Tilemap
tilemap 4 0 0 0
tilemap 5 0 0 46


# Opts
opt wall_gfx_height 32
opt floor_sort_offset 14
opt drop_shadow 0
opt cam_offset -724 400
opt bg_color 0 57 206


# +Y
# +5
wall 0 288 128 7
wall 0 320 128 7
wall 0 352 128 7

wall 0 176 160 9
wall 0 208 160 11

wall 0 192 272 11

wall 0 320 224 9

wall 0 288 336 9
wall 0 320 336 11

# -Y
wall 2 288 160 6
wall 2 320 160 6
wall 2 352 160 6

wall 2 176 192 10 0.5
wall 2 224 192 9 0.5
wall 2 192 224 8

wall 2 192 336 8

wall 2 320 288 10

wall 2 288 368 10
wall 2 320 368 8

# -X
wall 1 288 128 7

wall 1 176 160 10
wall 1 192 192 8

wall 1 192 272 8
wall 1 192 304 10

wall 1 320 224 10
wall 1 320 256 8

wall 1 288 336 8

# +X
wall 3 384 128 7

wall 3 240 160 9
wall 3 224 192 11

wall 3 224 272 11
wall 3 224 304 9

wall 3 352 224 11
wall 3 352 256 9

wall 3 352 336 9

# Testing
#wall 2 96 96 6
#wall 0 96 96 6

#wall 2 96 415 6
#wall 0 96 415 6

#wall 2 400 416 6
#wall 3 416 400 6

# Sprites
sprite true 1 256 256 0
sprite true 2 256 232 0
sprite true 3 280 256 24

# Box colliders
box_collider 192 272 32 64
box_collider 320 224 32 64
box_collider 288 336 64 32
box_collider 288 128 96 32
box_collider 176 160 64 32
box_collider 176 160 64 32
box_collider 192 192 32 32
